[2024-11-05 11:19:03] ERROR: userId not provided
[2024-11-05 11:19:14] ERROR: userId not provided
[2024-11-05 11:24:39] ERROR: userId not provided
[2024-11-05 11:24:48] ERROR: userId not provided
[2024-11-05 11:25:47] ERROR: userId not provided
[2024-11-05 11:26:13] ERROR: userId not provided
[2024-11-05 11:26:42] ERROR: userId not provided
[2024-11-05 11:51:16] ERROR: userId not provided
[2024-11-05 11:57:53] ERROR: userId not provided
[2024-11-05 12:00:51] ERROR: userId not provided
[2024-11-05 12:01:24] ERROR: userId not provided
[2024-11-05 12:11:23] ERROR: userId not provided
[2024-11-05 12:43:26] ERROR: userId not provided
[2024-11-05 12:43:43] ERROR: userId not provided
[2024-11-05 12:43:54] ERROR: userId not provided
[2024-11-05 12:43:56] ERROR: userId not provided
[2024-11-05 12:43:58] ERROR: userId not provided
[2024-11-05 12:44:00] ERROR: userId not provided
[2024-11-05 12:44:21] ERROR: userId not provided
[2024-11-05 12:44:22] ERROR: userId not provided
[2024-11-05 12:44:24] ERROR: userId not provided
[2024-11-05 12:44:27] ERROR: userId not provided
[2024-11-05 12:44:29] ERROR: userId not provided
[2024-11-05 12:44:31] ERROR: userId not provided
[2024-11-05 12:44:32] ERROR: userId not provided
[2024-11-05 12:44:34] ERROR: userId not provided
[2024-11-05 12:44:47] ERROR: userId not provided
[2024-11-05 12:44:48] ERROR: userId not provided
[2024-11-05 12:45:00] ERROR: userId not provided
[2024-11-05 12:45:08] ERROR: userId not provided
[2024-11-05 12:45:09] ERROR: userId not provided
[2024-11-05 12:45:21] ERROR: userId not provided
[2024-11-05 12:45:23] ERROR: userId not provided
