Query String: userId=1
User ID: 1
